[2026-05-18T07:58:49.754Z] GET http://localhost:5177/ → 200 (324ms, 349B)
[2026-05-18T07:58:50.082Z] GET http://localhost:5177/@vite/client → 200 (30ms, 137703B)
[2026-05-18T07:58:50.082Z] GET http://localhost:5177/src/main.js → 200 (31ms, 4138B)
[2026-05-18T07:58:50.113Z] GET http://localhost:5177/node_modules/vite/dist/client/env.mjs → 200 (34ms, 4438B)
[2026-05-18T07:58:50.114Z] GET http://localhost:5177/node_modules/.vite/deps/vue.js?v=8391144a → 200 (93ms, 5709B)
[2026-05-18T07:58:50.114Z] GET http://localhost:5177/node_modules/.vite/deps/element-plus.js?v=dad2b4ee → 200 (164ms, 2362252B)
[2026-05-18T07:58:50.114Z] GET http://localhost:5177/node_modules/element-plus/dist/index.css → 200 (141ms, 357900B)
[2026-05-18T07:58:50.114Z] GET http://localhost:5177/node_modules/.vite/deps/element-plus_dist_locale_zh-cn__mjs.js?v=730bc7f1 → 200 (140ms, 5518B)
[2026-05-18T07:58:50.114Z] GET http://localhost:5177/node_modules/.vite/deps/@element-plus_icons-vue.js?v=f05f4e96 → 200 (141ms, 16119B)
[2026-05-18T07:58:50.114Z] GET http://localhost:5177/node_modules/@fontsource/jetbrains-mono/index.css → 200 (141ms, 3654B)
[2026-05-18T07:58:50.114Z] GET http://localhost:5177/src/App.vue → 200 (142ms, 2271B)
[2026-05-18T07:58:50.114Z] GET http://localhost:5177/src/router/index.js → 200 (151ms, 11439B)
[2026-05-18T07:58:50.114Z] GET http://localhost:5177/src/styles/global.css → 200 (151ms, 5789B)
[2026-05-18T07:58:50.207Z] GET http://localhost:5177/node_modules/.vite/deps/chunk-UC4PQXLF.js?v=2adafd80 → 200 (59ms, 386310B)
[2026-05-18T07:58:50.207Z] GET http://localhost:5177/node_modules/.vite/deps/chunk-G3PMV62Z.js?v=2adafd80 → 200 (58ms, 1540B)
[2026-05-18T07:58:50.255Z] GET http://localhost:5177/node_modules/.vite/deps/chunk-BXRPTJTD.js?v=2adafd80 → 200 (13ms, 239109B)
[2026-05-18T07:58:50.257Z] GET http://localhost:5177/src/App.vue?vue&type=style&index=0&lang.css → 200 (9ms, 591B)
[2026-05-18T07:58:50.257Z] GET http://localhost:5177/@id/__x00__plugin-vue:export-helper → 200 (11ms, 1126B)
[2026-05-18T07:58:50.265Z] GET http://localhost:5177/node_modules/.vite/deps/vue-router.js?v=d3b55959 → 200 (6ms, 94289B)
[2026-05-18T07:58:50.321Z] GET http://localhost:5177/src/views/Login.vue → 200 (45ms, ?B)
[2026-05-18T07:58:50.367Z] GET http://localhost:5177/src/api/auth.js → 200 (?ms, ?B)
[2026-05-18T07:58:50.367Z] GET http://localhost:5177/src/stores/auth.js → 200 (?ms, ?B)
[2026-05-18T07:58:50.367Z] GET http://localhost:5177/src/views/Login.vue?vue&type=style&index=0&scoped=08aaad4e&lang.css → 200 (?ms, ?B)
[2026-05-18T07:58:50.367Z] GET http://localhost:5177/src/api/request.js → 200 (?ms, ?B)
[2026-05-18T07:58:50.367Z] GET http://localhost:5177/node_modules/.vite/deps/axios.js?v=bc9b4507 → 200 (?ms, ?B)
[2026-05-18T08:00:38.917Z] POST http://localhost:5177/api/v1/auth/login → 200 (470ms, 297B)
[2026-05-18T08:00:39.387Z] GET http://localhost:5177/src/views/Layout.vue → pending (?ms, ?B)
[2026-05-18T08:00:39.387Z] GET http://localhost:5177/src/views/BatchManage.vue → pending (?ms, ?B)
[2026-05-18T08:00:39.509Z] GET http://localhost:5177/src/views/Layout.vue?vue&type=style&index=0&scoped=60489549&lang.css → 200 (31ms, 3396B)
[2026-05-18T08:00:39.539Z] GET http://localhost:5177/src/api/batch.js → 200 (5ms, 2663B)
[2026-05-18T08:00:39.539Z] GET http://localhost:5177/src/api/employee.js → 200 (6ms, 3048B)
[2026-05-18T08:00:39.539Z] GET http://localhost:5177/node_modules/.vite/deps/qrcode.js?v=2c3859c9 → 200 (8ms, 62736B)
[2026-05-18T08:00:39.539Z] GET http://localhost:5177/src/views/BatchManage.vue?vue&type=style&index=0&scoped=2dc62e52&lang.css → 200 (8ms, 2704B)
[2026-05-18T08:00:39.590Z] GET http://localhost:5177/api/v1/batches?page=1&pageSize=20 → 200 (13ms, 1824B)
[2026-05-18T08:00:39.622Z] GET http://localhost:5177/node_modules/@fontsource/jetbrains-mono/files/jetbrains-mono-latin-400-normal.woff2 → 200 (79ms, 21168B)
[2026-05-18T08:01:09.070Z] GET http://localhost:5177/ → 200 (4ms, 349B)
[2026-05-18T08:01:09.078Z] GET http://localhost:5177/@vite/client → 200 (4ms, 137703B)
[2026-05-18T08:01:09.078Z] GET http://localhost:5177/src/main.js → 200 (2ms, 4138B)
[2026-05-18T08:01:09.081Z] GET http://localhost:5177/node_modules/.vite/deps/vue.js?v=8391144a → 200 (?ms, 5709B)
[2026-05-18T08:01:09.081Z] GET http://localhost:5177/node_modules/.vite/deps/element-plus.js?v=dad2b4ee → 200 (1ms, 2362252B)
[2026-05-18T08:01:09.082Z] GET http://localhost:5177/node_modules/element-plus/dist/index.css → 200 (3ms, 357900B)
[2026-05-18T08:01:09.082Z] GET http://localhost:5177/node_modules/.vite/deps/element-plus_dist_locale_zh-cn__mjs.js?v=730bc7f1 → 200 (?ms, 5518B)
[2026-05-18T08:01:09.082Z] GET http://localhost:5177/node_modules/.vite/deps/@element-plus_icons-vue.js?v=f05f4e96 → 200 (?ms, 16119B)
[2026-05-18T08:01:09.082Z] GET http://localhost:5177/node_modules/@fontsource/jetbrains-mono/index.css → 200 (1ms, 3654B)
[2026-05-18T08:01:09.082Z] GET http://localhost:5177/src/App.vue → 200 (2ms, 2271B)
[2026-05-18T08:01:09.082Z] GET http://localhost:5177/src/router/index.js → 200 (2ms, 11439B)
[2026-05-18T08:01:09.082Z] GET http://localhost:5177/src/styles/global.css → 200 (2ms, 5789B)
[2026-05-18T08:01:09.082Z] GET http://localhost:5177/node_modules/.vite/deps/chunk-UC4PQXLF.js?v=2adafd80 → 200 (?ms, 386310B)
[2026-05-18T08:01:09.082Z] GET http://localhost:5177/node_modules/.vite/deps/chunk-G3PMV62Z.js?v=2adafd80 → 200 (?ms, 1540B)
[2026-05-18T08:01:09.083Z] GET http://localhost:5177/node_modules/.vite/deps/chunk-BXRPTJTD.js?v=2adafd80 → 200 (?ms, 239109B)
[2026-05-18T08:01:09.083Z] GET http://localhost:5177/node_modules/vite/dist/client/env.mjs → 200 (1ms, 4438B)
[2026-05-18T08:01:09.084Z] GET http://localhost:5177/src/App.vue?vue&type=style&index=0&lang.css → 200 (1ms, 591B)
[2026-05-18T08:01:09.084Z] GET http://localhost:5177/@id/__x00__plugin-vue:export-helper → 200 (1ms, 1126B)
[2026-05-18T08:01:09.084Z] GET http://localhost:5177/node_modules/.vite/deps/vue-router.js?v=d3b55959 → 200 (?ms, 94289B)
[2026-05-18T08:01:09.096Z] GET http://localhost:5177/src/views/Layout.vue → 200 (58ms, 33988B)
[2026-05-18T08:01:09.096Z] GET http://localhost:5177/src/views/BatchManage.vue → 200 (58ms, 141834B)
[2026-05-18T08:01:09.155Z] GET http://localhost:5177/src/stores/auth.js → 200 (1ms, 4284B)
[2026-05-18T08:01:09.155Z] GET http://localhost:5177/src/views/Layout.vue?vue&type=style&index=0&scoped=60489549&lang.css → 200 (1ms, 3396B)
[2026-05-18T08:01:09.155Z] GET http://localhost:5177/src/api/batch.js → 200 (1ms, 2663B)
[2026-05-18T08:01:09.155Z] GET http://localhost:5177/src/api/employee.js → 200 (1ms, 3048B)
[2026-05-18T08:01:09.155Z] GET http://localhost:5177/node_modules/.vite/deps/qrcode.js?v=2c3859c9 → 200 (?ms, 62736B)
[2026-05-18T08:01:09.155Z] GET http://localhost:5177/src/views/BatchManage.vue?vue&type=style&index=0&scoped=2dc62e52&lang.css → 200 (2ms, 2704B)
[2026-05-18T08:01:09.159Z] GET http://localhost:5177/src/api/request.js → 200 (2ms, 11672B)
[2026-05-18T08:01:09.161Z] GET http://localhost:5177/node_modules/.vite/deps/axios.js?v=bc9b4507 → 200 (?ms, 99771B)
[2026-05-18T08:01:09.184Z] GET http://localhost:5177/api/v1/batches?page=1&pageSize=20 → 200 (9ms, 1824B)
[2026-05-18T08:01:09.203Z] GET http://localhost:5177/node_modules/@fontsource/jetbrains-mono/files/jetbrains-mono-latin-400-normal.woff2 → 304 (1ms, ?B)
[2026-05-18T08:01:56.972Z] GET http://localhost:5177/employee-vouchers → pending (?ms, ?B)
[2026-05-18T08:01:57.285Z] GET http://localhost:5177/@vite/client → 200 (2ms, 137703B)
[2026-05-18T08:01:57.285Z] GET http://localhost:5177/src/main.js → 200 (3ms, 4138B)
[2026-05-18T08:01:57.288Z] GET http://localhost:5177/node_modules/vite/dist/client/env.mjs → 200 (5ms, 4438B)
[2026-05-18T08:01:57.289Z] GET http://localhost:5177/node_modules/.vite/deps/vue.js?v=8391144a → 200 (?ms, 5709B)
[2026-05-18T08:01:57.290Z] GET http://localhost:5177/node_modules/.vite/deps/element-plus.js?v=dad2b4ee → 200 (?ms, 2362252B)
[2026-05-18T08:01:57.290Z] GET http://localhost:5177/node_modules/element-plus/dist/index.css → 200 (4ms, 357900B)
[2026-05-18T08:01:57.291Z] GET http://localhost:5177/node_modules/.vite/deps/element-plus_dist_locale_zh-cn__mjs.js?v=730bc7f1 → 200 (?ms, 5518B)
[2026-05-18T08:01:57.291Z] GET http://localhost:5177/node_modules/.vite/deps/@element-plus_icons-vue.js?v=f05f4e96 → 200 (?ms, 16119B)
[2026-05-18T08:01:57.291Z] GET http://localhost:5177/node_modules/@fontsource/jetbrains-mono/index.css → 200 (2ms, 3654B)
[2026-05-18T08:01:57.291Z] GET http://localhost:5177/src/App.vue → 200 (3ms, 2271B)
[2026-05-18T08:01:57.291Z] GET http://localhost:5177/src/router/index.js → 200 (2ms, 11439B)
[2026-05-18T08:01:57.291Z] GET http://localhost:5177/src/styles/global.css → 200 (2ms, 5789B)
[2026-05-18T08:01:57.291Z] GET http://localhost:5177/node_modules/.vite/deps/chunk-UC4PQXLF.js?v=2adafd80 → 200 (?ms, 386310B)
[2026-05-18T08:01:57.291Z] GET http://localhost:5177/node_modules/.vite/deps/chunk-G3PMV62Z.js?v=2adafd80 → 200 (?ms, 1540B)
[2026-05-18T08:01:57.291Z] GET http://localhost:5177/node_modules/.vite/deps/chunk-BXRPTJTD.js?v=2adafd80 → 200 (?ms, 239109B)
[2026-05-18T08:01:57.293Z] GET http://localhost:5177/node_modules/.vite/deps/vue-router.js?v=d3b55959 → 200 (?ms, 94289B)
[2026-05-18T08:01:57.294Z] GET http://localhost:5177/src/App.vue?vue&type=style&index=0&lang.css → 200 (43ms, 591B)
[2026-05-18T08:01:57.294Z] GET http://localhost:5177/@id/__x00__plugin-vue:export-helper → 200 (43ms, 1126B)
[2026-05-18T08:01:57.350Z] GET http://localhost:5177/src/views/Layout.vue → 200 (2ms, 33988B)
[2026-05-18T08:01:57.350Z] GET http://localhost:5177/src/views/EmployeeVouchers.vue → 200 (10ms, 55927B)
[2026-05-18T08:01:57.352Z] GET http://localhost:5177/src/stores/auth.js → 200 (11ms, 4284B)
[2026-05-18T08:01:57.352Z] GET http://localhost:5177/src/views/Layout.vue?vue&type=style&index=0&scoped=60489549&lang.css → 200 (11ms, 3396B)
[2026-05-18T08:01:57.360Z] GET http://localhost:5177/node_modules/.vite/deps/qrcode.js?v=2c3859c9 → 200 (?ms, 62736B)
[2026-05-18T08:01:57.360Z] GET http://localhost:5177/src/api/voucher.js → 200 (3ms, 3894B)
[2026-05-18T08:01:57.360Z] GET http://localhost:5177/src/views/EmployeeVouchers.vue?vue&type=style&index=0&scoped=17eecd25&lang.css → 200 (3ms, 1598B)
[2026-05-18T08:01:57.363Z] GET http://localhost:5177/src/api/request.js → 200 (1ms, 11672B)
[2026-05-18T08:01:57.365Z] GET http://localhost:5177/node_modules/.vite/deps/axios.js?v=bc9b4507 → 200 (?ms, 99771B)
[2026-05-18T08:01:57.426Z] GET http://localhost:5177/api/v1/vouchers?page=1&pageSize=20 → 200 (11ms, 2560B)
[2026-05-18T08:01:57.451Z] GET http://localhost:5177/node_modules/@fontsource/jetbrains-mono/files/jetbrains-mono-latin-400-normal.woff2 → 304 (91ms, ?B)
[2026-05-18T08:03:01.535Z] GET http://localhost:5177/api/v1/vouchers?page=1&pageSize=3 → pending (?ms, ?B)
[2026-05-18T08:06:47.675Z] GET http://localhost:5177/employee-vouchers → 200 (309ms, 349B)
[2026-05-18T08:06:47.989Z] GET http://localhost:5177/@vite/client → 200 (1ms, 137703B)
[2026-05-18T08:06:47.989Z] GET http://localhost:5177/src/main.js → 200 (1ms, 4138B)
[2026-05-18T08:06:47.991Z] GET http://localhost:5177/node_modules/.vite/deps/vue.js?v=8391144a → 200 (?ms, 5709B)
[2026-05-18T08:06:47.991Z] GET http://localhost:5177/node_modules/.vite/deps/element-plus.js?v=dad2b4ee → 200 (1ms, 2362252B)
[2026-05-18T08:06:47.992Z] GET http://localhost:5177/node_modules/element-plus/dist/index.css → 200 (60ms, 357900B)
[2026-05-18T08:06:47.992Z] GET http://localhost:5177/node_modules/.vite/deps/element-plus_dist_locale_zh-cn__mjs.js?v=730bc7f1 → 200 (?ms, 5518B)
[2026-05-18T08:06:47.993Z] GET http://localhost:5177/node_modules/.vite/deps/@element-plus_icons-vue.js?v=f05f4e96 → 200 (?ms, 16119B)
[2026-05-18T08:06:47.993Z] GET http://localhost:5177/node_modules/@fontsource/jetbrains-mono/index.css → 200 (4ms, 3654B)
[2026-05-18T08:06:47.993Z] GET http://localhost:5177/src/App.vue → 200 (5ms, 2271B)
[2026-05-18T08:06:47.993Z] GET http://localhost:5177/src/router/index.js → 200 (59ms, 11439B)
[2026-05-18T08:06:47.993Z] GET http://localhost:5177/src/styles/global.css → 200 (59ms, 5789B)
[2026-05-18T08:06:47.993Z] GET http://localhost:5177/node_modules/vite/dist/client/env.mjs → 200 (59ms, 4438B)
[2026-05-18T08:06:47.994Z] GET http://localhost:5177/node_modules/.vite/deps/chunk-UC4PQXLF.js?v=2adafd80 → 200 (1ms, 386310B)
[2026-05-18T08:06:47.995Z] GET http://localhost:5177/node_modules/.vite/deps/chunk-G3PMV62Z.js?v=2adafd80 → 200 (1ms, 1540B)
[2026-05-18T08:06:47.997Z] GET http://localhost:5177/node_modules/.vite/deps/chunk-BXRPTJTD.js?v=2adafd80 → 200 (?ms, 239109B)
[2026-05-18T08:06:48.052Z] GET http://localhost:5177/src/App.vue?vue&type=style&index=0&lang.css → 200 (4ms, 591B)
[2026-05-18T08:06:48.052Z] GET http://localhost:5177/@id/__x00__plugin-vue:export-helper → 200 (4ms, 1126B)
[2026-05-18T08:06:48.056Z] GET http://localhost:5177/node_modules/.vite/deps/vue-router.js?v=d3b55959 → 200 (?ms, 94289B)
[2026-05-18T08:06:48.057Z] GET http://localhost:5177/src/views/Layout.vue → 200 (1ms, 33988B)
[2026-05-18T08:06:48.057Z] GET http://localhost:5177/src/views/EmployeeVouchers.vue → 200 (7ms, 55927B)
[2026-05-18T08:06:48.058Z] GET http://localhost:5177/src/stores/auth.js → 200 (6ms, 4284B)
[2026-05-18T08:06:48.058Z] GET http://localhost:5177/src/views/Layout.vue?vue&type=style&index=0&scoped=60489549&lang.css → 200 (7ms, 3396B)
[2026-05-18T08:06:48.066Z] GET http://localhost:5177/node_modules/.vite/deps/qrcode.js?v=2c3859c9 → 200 (?ms, 62736B)
[2026-05-18T08:06:48.066Z] GET http://localhost:5177/src/api/voucher.js → 200 (1ms, 3894B)
[2026-05-18T08:06:48.066Z] GET http://localhost:5177/src/views/EmployeeVouchers.vue?vue&type=style&index=0&scoped=17eecd25&lang.css → 200 (1ms, 1598B)
[2026-05-18T08:06:48.068Z] GET http://localhost:5177/src/api/request.js → 200 (1ms, 11672B)
[2026-05-18T08:06:48.069Z] GET http://localhost:5177/node_modules/.vite/deps/axios.js?v=bc9b4507 → 200 (?ms, 99771B)
[2026-05-18T08:06:48.126Z] GET http://localhost:5177/api/v1/vouchers?page=1&pageSize=20 → 200 (8ms, ?B)
[2026-05-18T08:06:48.148Z] GET http://localhost:5177/node_modules/@fontsource/jetbrains-mono/files/jetbrains-mono-latin-400-normal.woff2 → 304 (98ms, ?B)
[2026-05-18T08:07:36.407Z] GET http://localhost:5177/api/v1/vouchers?page=1&pageSize=20&holderName=%E5%BC%A0%E4%B8%89 → 200 (19ms, 1503B)
[2026-05-18T08:08:12.629Z] GET http://localhost:5177/api/v1/vouchers?page=1&pageSize=20 → pending (?ms, ?B)
[2026-05-18T08:08:13.030Z] GET http://localhost:5177/api/v1/vouchers?page=1&pageSize=20 → 200 (183ms, 2560B)
[2026-05-18T08:09:54.766Z] GET http://localhost:5177/api/v1/vouchers?voucherType=COUPON&page=1&pageSize=20 → pending (?ms, ?B)
[2026-05-18T08:10:19.780Z] GET http://localhost:5177/api/v1/vouchers?holderId=E00&page=1&pageSize=20 → 200 (14ms, 2560B)
[2026-05-18T08:10:19.780Z] GET http://localhost:5177/api/v1/vouchers?keyword=QA&page=1&pageSize=20 → 200 (331ms, 94B)
[2026-05-18T08:10:19.780Z] GET http://localhost:5177/api/v1/vouchers?holderName=%E5%BC%A0%E4%B8%89&voucherType=RESOURCE_USAGE&page=1&pageSize=20 → 200 (328ms, 1155B)
[2026-05-18T08:10:19.780Z] GET http://localhost:5177/api/v1/vouchers?expireStart=2026-06-14&expireEnd=2026-06-16&page=1&pageSize=20 → 200 (334ms, 797B)
[2026-05-18T08:11:03.158Z] GET http://localhost:5177/api/v1/vouchers?page=1&pageSize=2 → 200 (315ms, 799B)
[2026-05-18T08:11:03.158Z] GET http://localhost:5177/api/v1/vouchers?page=2&pageSize=2 → 200 (315ms, 791B)
[2026-05-18T08:11:03.158Z] GET http://localhost:5177/api/v1/vouchers?page=4&pageSize=2 → 200 (315ms, 447B)
